bun.exe : $ jest __tests__/unit/page.test.tsx 
--no-cache
At C:\Users\Professor\AppData\Roaming\npm\bun.ps1:14 
char:3
+   & "$basedir/node_modules/bun/bin/bun.exe"   $args
+   ~~~~~~~~~~~~~~~~~~~~~~~~~~~~~~~~~~~~~~~~~~~~~~~~~
    + CategoryInfo          : NotSpecified: ($ jest _ 
   _tests_....tsx --no-cache:String) [], RemoteExcep  
  tion
    + FullyQualifiedErrorId : NativeCommandError
 
  console.error
    React does not recognize the `whileInView` prop on a DOM element. If you intentionally want it to appear in the DOM as a custom attribute, spell it as lowercase `whileinview` instead. If you accidentally passed it from a parent component, remove it from the DOM element.

    [0m [90m 4 |[39m describe([32m"Home Page"[39m[33m,[39m () [33m=>[39m {
     [90m 5 |[39m   it([32m"renders the main heading"[39m[33m,[39m () [33m=>[39m {
    [31m[1m>[22m[39m[90m 6 |[39m     render([33m<[39m[33mPage[39m [33m/[39m[33m>[39m)
     [90m   |[39m           [31m[1m^[22m[39m
     [90m 7 |[39m     [90m// Adjust based on the actual content of your app/page.tsx[39m
     [90m 8 |[39m     expect(screen[33m.[39mgetByText([35m/Architect your story/i[39m))[33m.[39mtoBeInTheDocument()
     [90m 9 |[39m   })[0m

      at validateProperty (node_modules/react-dom/cjs/react-dom-client.development.js:3001:19)
      at warnUnknownProperties (node_modules/react-dom/cjs/react-dom-client.development.js:3146:9)
      at validatePropertiesInDevelopment (node_modules/react-dom/cjs/react-dom-client.development.js:19868:9)
      at setInitialProperties (node_modules/react-dom/cjs/react-dom-client.development.js:20491:7)
      at completeWork (node_modules/react-dom/cjs/react-dom-client.development.js:12662:18)
      at runWithFiberInDEV (node_modules/react-dom/cjs/react-dom-client.development.js:874:13)
      at completeUnitOfWork (node_modules/react-dom/cjs/react-dom-client.development.js:17777:19)
      at performUnitOfWork (node_modules/react-dom/cjs/react-dom-client.development.js:17658:11)
      at workLoopSync (node_modules/react-dom/cjs/react-dom-client.development.js:17469:41)
      at renderRootSync (node_modules/react-dom/cjs/react-dom-client.development.js:17450:11)
      at performWorkOnRoot (node_modules/react-dom/cjs/react-dom-client.development.js:16504:11)
      at performWorkOnRootViaSchedulerTask (node_modules/react-dom/cjs/react-dom-client.development.js:18957:7)
      at flushActQueue (node_modules/react/cjs/react.development.js:590:34)
      at process.env.NODE_ENV.exports.act (node_modules/react/cjs/react.development.js:884:10)
      at node_modules/@testing-library/react/dist/act-compat.js:46:25
      at renderRoot (node_modules/@testing-library/react/dist/pure.js:189:26)
      at render (node_modules/@testing-library/react/dist/pure.js:291:10)
      at Object.<anonymous> (__tests__/unit/page.test.tsx:6:11)

PASS __tests__/unit/page.test.tsx
  Home Page
    ΓêÜ renders the main heading (253 ms)

Test Suites: 1 passed, 1 total
Tests:       1 passed, 1 total
Snapshots:   0 total
Time:        3.151 s
Ran all test suites matching 
__tests__/unit/page.test.tsx.
